[2022-12-19 10:33]  DEBUG [dispatcher.py _set_singleton] [ line:342 ] Setting singleton dispatcher as <telegram.ext.dispatcher.Dispatcher object at 0x000002132F314040>
[2022-12-19 10:33]  INFO [base.py start] [ line:166 ] Scheduler started
[2022-12-19 10:33]  DEBUG [base.py _process_jobs] [ line:940 ] Looking for jobs to run
[2022-12-19 10:33]  DEBUG [bot.py decorator] [ line:132 ] Entering: get_me
[2022-12-19 10:33]  DEBUG [base.py _process_jobs] [ line:1016 ] No jobs; waiting until a job is added
[2022-12-19 10:33]  DEBUG [bot.py decorator] [ line:134 ] {'first_name': 'love0204', 'can_read_all_group_messages': True, 'can_join_groups': True, 'supports_inline_queries': True, 'is_bot': True, 'id': 5855785269, 'username': 'CCP1121_BOT'}
[2022-12-19 10:33]  DEBUG [bot.py decorator] [ line:135 ] Exiting: get_me
[2022-12-19 10:33]  DEBUG [updater.py _thread_wrapper] [ line:351 ] Bot:5855785269:dispatcher - started
[2022-12-19 10:33]  DEBUG [updater.py _thread_wrapper] [ line:351 ] Bot:5855785269:updater - started
[2022-12-19 10:33]  DEBUG [updater.py start_polling] [ line:435 ] Waiting for Dispatcher and polling to start
[2022-12-19 10:33]  DEBUG [updater.py _start_polling] [ line:590 ] Updater thread started (polling)
[2022-12-19 10:33]  DEBUG [dispatcher.py start] [ line:468 ] Dispatcher started
[2022-12-19 10:33]  DEBUG [updater.py _network_loop_retry] [ line:647 ] Start network loop retry bootstrap del webhook
[2022-12-19 10:33]  DEBUG [updater.py bootstrap_del_webhook] [ line:765 ] Deleting webhook
[2022-12-19 10:33]  DEBUG [bot.py decorator] [ line:132 ] Entering: delete_webhook
[2022-12-19 10:33]  DEBUG [bot.py decorator] [ line:134 ] True
[2022-12-19 10:33]  DEBUG [bot.py decorator] [ line:135 ] Exiting: delete_webhook
[2022-12-19 10:33]  DEBUG [updater.py _start_polling] [ line:599 ] Bootstrap done
[2022-12-19 10:33]  DEBUG [updater.py _network_loop_retry] [ line:647 ] Start network loop retry getting Updates
[2022-12-19 10:33]  DEBUG [bot.py decorator] [ line:132 ] Entering: get_updates
[2022-12-19 10:33]  DEBUG [bot.py get_updates] [ line:3066 ] Getting updates: [299475628]
[2022-12-19 10:33]  DEBUG [bot.py decorator] [ line:134 ] [<telegram.update.Update object at 0x000002132EFC3880>]
[2022-12-19 10:33]  DEBUG [bot.py decorator] [ line:135 ] Exiting: get_updates
[2022-12-19 10:33]  DEBUG [bot.py decorator] [ line:132 ] Entering: get_updates
[2022-12-19 10:33]  DEBUG [dispatcher.py start] [ line:486 ] Processing Update: {'message': {'delete_chat_photo': False, 'message_id': 2485, 'caption_entities': [], 'photo': [], 'supergroup_chat_created': False, 'new_chat_members': [{'first_name': 'CandyüçÆüç¶', 'is_bot': False, 'id': 986643915, 'username': 'fun66happy'}], 'date': 1671417197, 'group_chat_created': False, 'new_chat_photo': [], 'channel_chat_created': False, 'chat': {'title': 'LOVE0204Áæ§ÁµÑÊ∏¨Ë©¶', 'type': 'supergroup', 'id': -1001874169368}, 'entities': [], 'from': {'first_name': 'Leo', 'is_bot': False, 'id': 5036779522, 'language_code': 'zh-hant'}}, 'update_id': 299475628}
[2022-12-19 10:33]  DEBUG [conversationhandler.py check_update] [ line:559 ] selecting conversation (-1001874169368, 5036779522) with state None
[2022-12-19 10:33]  ERROR [dispatcher.py dispatch_error] [ line:821 ] No error handlers are registered, logging exception.
Traceback (most recent call last):
  File "c:\Users\USER\Desktop\ÈÖ∑ÂØ∂\pythonÁ®ãÂºè\telegram_BOT\src\_sql.py", line 76, in close
    self.cursor.close()
sqlite3.ProgrammingError: SQLite objects created in a thread can only be used in that same thread. The object was created in thread id 18680 and this is thread id 15752.

During handling of the above exception, another exception occurred:

Traceback (most recent call last):
  File "C:\Users\USER\AppData\Local\Programs\Python\Python310\lib\site-packages\telegram\ext\dispatcher.py", line 557, in process_update
    handler.handle_update(update, self, check, context)
  File "C:\Users\USER\AppData\Local\Programs\Python\Python310\lib\site-packages\telegram\ext\handler.py", line 199, in handle_update
    return self.callback(update, context)
  File "c:\Users\USER\Desktop\ÈÖ∑ÂØ∂\pythonÁ®ãÂºè\telegram_BOT\src\bot.py", line 204, in joinGroup
    results = sql.comparisonInviteId()
  File "c:\Users\USER\Desktop\ÈÖ∑ÂØ∂\pythonÁ®ãÂºè\telegram_BOT\src\_sql.py", line 111, in comparisonInviteId
    self.db.close()
  File "c:\Users\USER\Desktop\ÈÖ∑ÂØ∂\pythonÁ®ãÂºè\telegram_BOT\src\_sql.py", line 79, in close
    raise Exception("ÈóúÈñâÊï∏ÊìöÂ∫´ÈÄ£Êé•Â§±Êïó")
Exception: ÈóúÈñâÊï∏ÊìöÂ∫´ÈÄ£Êé•Â§±Êïó
[2022-12-19 10:33]  DEBUG [bot.py get_updates] [ line:3066 ] Getting updates: [299475629]
[2022-12-19 10:33]  DEBUG [bot.py decorator] [ line:134 ] [<telegram.update.Update object at 0x000002132EFC1CC0>]
[2022-12-19 10:33]  DEBUG [bot.py decorator] [ line:135 ] Exiting: get_updates
[2022-12-19 10:33]  DEBUG [bot.py decorator] [ line:132 ] Entering: get_updates
[2022-12-19 10:33]  DEBUG [dispatcher.py start] [ line:486 ] Processing Update: {'message': {'delete_chat_photo': False, 'message_id': 2486, 'caption_entities': [], 'photo': [], 'supergroup_chat_created': False, 'new_chat_members': [], 'date': 1671417204, 'group_chat_created': False, 'new_chat_photo': [], 'left_chat_member': {'first_name': 'CandyüçÆüç¶', 'is_bot': False, 'id': 986643915, 'username': 'fun66happy'}, 'channel_chat_created': False, 'chat': {'title': 'LOVE0204Áæ§ÁµÑÊ∏¨Ë©¶', 'type': 'supergroup', 'id': -1001874169368}, 'entities': [], 'from': {'first_name': 'Leo', 'is_bot': False, 'id': 5036779522, 'language_code': 'zh-hant'}}, 'update_id': 299475629}
[2022-12-19 10:33]  DEBUG [conversationhandler.py check_update] [ line:559 ] selecting conversation (-1001874169368, 5036779522) with state None
[2022-12-19 10:33]  DEBUG [bot.py get_updates] [ line:3068 ] No new updates found.
[2022-12-19 10:33]  DEBUG [bot.py decorator] [ line:134 ] []
[2022-12-19 10:33]  DEBUG [bot.py decorator] [ line:135 ] Exiting: get_updates
[2022-12-19 10:33]  DEBUG [bot.py decorator] [ line:132 ] Entering: get_updates
[2022-12-19 10:33]  DEBUG [bot.py get_updates] [ line:3068 ] No new updates found.
[2022-12-19 10:33]  DEBUG [bot.py decorator] [ line:134 ] []
[2022-12-19 10:33]  DEBUG [bot.py decorator] [ line:135 ] Exiting: get_updates
[2022-12-19 10:33]  DEBUG [bot.py decorator] [ line:132 ] Entering: get_updates
[2022-12-19 10:33]  DEBUG [bot.py get_updates] [ line:3068 ] No new updates found.
[2022-12-19 10:33]  DEBUG [bot.py decorator] [ line:134 ] []
[2022-12-19 10:33]  DEBUG [bot.py decorator] [ line:135 ] Exiting: get_updates
[2022-12-19 10:33]  DEBUG [bot.py decorator] [ line:132 ] Entering: get_updates
[2022-12-19 10:34]  DEBUG [bot.py get_updates] [ line:3068 ] No new updates found.
[2022-12-19 10:34]  DEBUG [bot.py decorator] [ line:134 ] []
[2022-12-19 10:34]  DEBUG [bot.py decorator] [ line:135 ] Exiting: get_updates
[2022-12-19 10:34]  DEBUG [bot.py decorator] [ line:132 ] Entering: get_updates
[2022-12-19 10:34]  DEBUG [bot.py get_updates] [ line:3068 ] No new updates found.
[2022-12-19 10:34]  DEBUG [bot.py decorator] [ line:134 ] []
[2022-12-19 10:34]  DEBUG [bot.py decorator] [ line:135 ] Exiting: get_updates
[2022-12-19 10:34]  DEBUG [bot.py decorator] [ line:132 ] Entering: get_updates
[2022-12-19 10:34]  DEBUG [bot.py get_updates] [ line:3068 ] No new updates found.
[2022-12-19 10:34]  DEBUG [bot.py decorator] [ line:134 ] []
[2022-12-19 10:34]  DEBUG [bot.py decorator] [ line:135 ] Exiting: get_updates
[2022-12-19 10:34]  DEBUG [bot.py decorator] [ line:132 ] Entering: get_updates
[2022-12-19 10:34]  DEBUG [bot.py get_updates] [ line:3068 ] No new updates found.
[2022-12-19 10:34]  DEBUG [bot.py decorator] [ line:134 ] []
[2022-12-19 10:34]  DEBUG [bot.py decorator] [ line:135 ] Exiting: get_updates
[2022-12-19 10:34]  DEBUG [bot.py decorator] [ line:132 ] Entering: get_updates
[2022-12-19 10:34]  DEBUG [bot.py get_updates] [ line:3068 ] No new updates found.
[2022-12-19 10:34]  DEBUG [bot.py decorator] [ line:134 ] []
[2022-12-19 10:34]  DEBUG [bot.py decorator] [ line:135 ] Exiting: get_updates
[2022-12-19 10:34]  DEBUG [bot.py decorator] [ line:132 ] Entering: get_updates
[2022-12-19 10:34]  DEBUG [bot.py get_updates] [ line:3068 ] No new updates found.
[2022-12-19 10:34]  DEBUG [bot.py decorator] [ line:134 ] []
[2022-12-19 10:34]  DEBUG [bot.py decorator] [ line:135 ] Exiting: get_updates
[2022-12-19 10:34]  DEBUG [bot.py decorator] [ line:132 ] Entering: get_updates
[2022-12-19 10:35]  DEBUG [bot.py get_updates] [ line:3068 ] No new updates found.
[2022-12-19 10:35]  DEBUG [bot.py decorator] [ line:134 ] []
[2022-12-19 10:35]  DEBUG [bot.py decorator] [ line:135 ] Exiting: get_updates
[2022-12-19 10:35]  DEBUG [bot.py decorator] [ line:132 ] Entering: get_updates
[2022-12-19 10:35]  DEBUG [bot.py get_updates] [ line:3068 ] No new updates found.
[2022-12-19 10:35]  DEBUG [bot.py decorator] [ line:134 ] []
[2022-12-19 10:35]  DEBUG [bot.py decorator] [ line:135 ] Exiting: get_updates
[2022-12-19 10:35]  DEBUG [bot.py decorator] [ line:132 ] Entering: get_updates
[2022-12-19 10:35]  DEBUG [bot.py get_updates] [ line:3068 ] No new updates found.
[2022-12-19 10:35]  DEBUG [bot.py decorator] [ line:134 ] []
[2022-12-19 10:35]  DEBUG [bot.py decorator] [ line:135 ] Exiting: get_updates
[2022-12-19 10:35]  DEBUG [bot.py decorator] [ line:132 ] Entering: get_updates
[2022-12-19 10:35]  DEBUG [bot.py get_updates] [ line:3068 ] No new updates found.
[2022-12-19 10:35]  DEBUG [bot.py decorator] [ line:134 ] []
[2022-12-19 10:35]  DEBUG [bot.py decorator] [ line:135 ] Exiting: get_updates
[2022-12-19 10:35]  DEBUG [bot.py decorator] [ line:132 ] Entering: get_updates
[2022-12-19 10:35]  DEBUG [bot.py get_updates] [ line:3068 ] No new updates found.
[2022-12-19 10:35]  DEBUG [bot.py decorator] [ line:134 ] []
[2022-12-19 10:35]  DEBUG [bot.py decorator] [ line:135 ] Exiting: get_updates
[2022-12-19 10:35]  DEBUG [bot.py decorator] [ line:132 ] Entering: get_updates
[2022-12-19 10:35]  DEBUG [bot.py get_updates] [ line:3068 ] No new updates found.
[2022-12-19 10:35]  DEBUG [bot.py decorator] [ line:134 ] []
[2022-12-19 10:35]  DEBUG [bot.py decorator] [ line:135 ] Exiting: get_updates
[2022-12-19 10:35]  DEBUG [bot.py decorator] [ line:132 ] Entering: get_updates
[2022-12-19 10:36]  DEBUG [bot.py get_updates] [ line:3068 ] No new updates found.
[2022-12-19 10:36]  DEBUG [bot.py decorator] [ line:134 ] []
[2022-12-19 10:36]  DEBUG [bot.py decorator] [ line:135 ] Exiting: get_updates
[2022-12-19 10:36]  DEBUG [bot.py decorator] [ line:132 ] Entering: get_updates
[2022-12-19 10:36]  DEBUG [bot.py get_updates] [ line:3068 ] No new updates found.
[2022-12-19 10:36]  DEBUG [bot.py decorator] [ line:134 ] []
[2022-12-19 10:36]  DEBUG [bot.py decorator] [ line:135 ] Exiting: get_updates
[2022-12-19 10:36]  DEBUG [bot.py decorator] [ line:132 ] Entering: get_updates
[2022-12-19 10:36]  DEBUG [bot.py get_updates] [ line:3068 ] No new updates found.
[2022-12-19 10:36]  DEBUG [bot.py decorator] [ line:134 ] []
[2022-12-19 10:36]  DEBUG [bot.py decorator] [ line:135 ] Exiting: get_updates
[2022-12-19 10:36]  DEBUG [bot.py decorator] [ line:132 ] Entering: get_updates
[2022-12-19 10:36]  DEBUG [bot.py get_updates] [ line:3068 ] No new updates found.
[2022-12-19 10:36]  DEBUG [bot.py decorator] [ line:134 ] []
[2022-12-19 10:36]  DEBUG [bot.py decorator] [ line:135 ] Exiting: get_updates
[2022-12-19 10:36]  DEBUG [bot.py decorator] [ line:132 ] Entering: get_updates
[2022-12-19 10:36]  DEBUG [bot.py get_updates] [ line:3068 ] No new updates found.
[2022-12-19 10:36]  DEBUG [bot.py decorator] [ line:134 ] []
[2022-12-19 10:36]  DEBUG [bot.py decorator] [ line:135 ] Exiting: get_updates
[2022-12-19 10:36]  DEBUG [bot.py decorator] [ line:132 ] Entering: get_updates
[2022-12-19 10:36]  DEBUG [bot.py get_updates] [ line:3068 ] No new updates found.
[2022-12-19 10:36]  DEBUG [bot.py decorator] [ line:134 ] []
[2022-12-19 10:36]  DEBUG [bot.py decorator] [ line:135 ] Exiting: get_updates
[2022-12-19 10:36]  DEBUG [bot.py decorator] [ line:132 ] Entering: get_updates
[2022-12-19 10:37]  DEBUG [bot.py get_updates] [ line:3068 ] No new updates found.
[2022-12-19 10:37]  DEBUG [bot.py decorator] [ line:134 ] []
[2022-12-19 10:37]  DEBUG [bot.py decorator] [ line:135 ] Exiting: get_updates
[2022-12-19 10:37]  DEBUG [bot.py decorator] [ line:132 ] Entering: get_updates
[2022-12-19 10:37]  DEBUG [bot.py get_updates] [ line:3068 ] No new updates found.
[2022-12-19 10:37]  DEBUG [bot.py decorator] [ line:134 ] []
[2022-12-19 10:37]  DEBUG [bot.py decorator] [ line:135 ] Exiting: get_updates
[2022-12-19 10:37]  DEBUG [bot.py decorator] [ line:132 ] Entering: get_updates
[2022-12-19 10:37]  DEBUG [bot.py get_updates] [ line:3068 ] No new updates found.
[2022-12-19 10:37]  DEBUG [bot.py decorator] [ line:134 ] []
[2022-12-19 10:37]  DEBUG [bot.py decorator] [ line:135 ] Exiting: get_updates
[2022-12-19 10:37]  DEBUG [bot.py decorator] [ line:132 ] Entering: get_updates
[2022-12-19 10:37]  DEBUG [bot.py get_updates] [ line:3068 ] No new updates found.
[2022-12-19 10:37]  DEBUG [bot.py decorator] [ line:134 ] []
[2022-12-19 10:37]  DEBUG [bot.py decorator] [ line:135 ] Exiting: get_updates
[2022-12-19 10:37]  DEBUG [bot.py decorator] [ line:132 ] Entering: get_updates
[2022-12-19 10:37]  DEBUG [bot.py get_updates] [ line:3068 ] No new updates found.
[2022-12-19 10:37]  DEBUG [bot.py decorator] [ line:134 ] []
[2022-12-19 10:37]  DEBUG [bot.py decorator] [ line:135 ] Exiting: get_updates
[2022-12-19 10:37]  DEBUG [bot.py decorator] [ line:132 ] Entering: get_updates
[2022-12-19 10:38]  DEBUG [bot.py get_updates] [ line:3068 ] No new updates found.
[2022-12-19 10:38]  DEBUG [bot.py decorator] [ line:134 ] []
[2022-12-19 10:38]  DEBUG [bot.py decorator] [ line:135 ] Exiting: get_updates
[2022-12-19 10:38]  DEBUG [bot.py decorator] [ line:132 ] Entering: get_updates
[2022-12-19 10:38]  DEBUG [bot.py get_updates] [ line:3068 ] No new updates found.
[2022-12-19 10:38]  DEBUG [bot.py decorator] [ line:134 ] []
[2022-12-19 10:38]  DEBUG [bot.py decorator] [ line:135 ] Exiting: get_updates
[2022-12-19 10:38]  DEBUG [bot.py decorator] [ line:132 ] Entering: get_updates
[2022-12-19 10:38]  DEBUG [bot.py get_updates] [ line:3068 ] No new updates found.
[2022-12-19 10:38]  DEBUG [bot.py decorator] [ line:134 ] []
[2022-12-19 10:38]  DEBUG [bot.py decorator] [ line:135 ] Exiting: get_updates
[2022-12-19 10:38]  DEBUG [bot.py decorator] [ line:132 ] Entering: get_updates
[2022-12-19 10:38]  DEBUG [bot.py get_updates] [ line:3068 ] No new updates found.
[2022-12-19 10:38]  DEBUG [bot.py decorator] [ line:134 ] []
[2022-12-19 10:38]  DEBUG [bot.py decorator] [ line:135 ] Exiting: get_updates
[2022-12-19 10:38]  DEBUG [bot.py decorator] [ line:132 ] Entering: get_updates
[2022-12-19 10:38]  DEBUG [bot.py get_updates] [ line:3068 ] No new updates found.
[2022-12-19 10:38]  DEBUG [bot.py decorator] [ line:134 ] []
[2022-12-19 10:38]  DEBUG [bot.py decorator] [ line:135 ] Exiting: get_updates
[2022-12-19 10:38]  DEBUG [bot.py decorator] [ line:132 ] Entering: get_updates
